10:50:35 **** Incremental Build of configuration Release for project TrafficLightController_SlaveMCU ****
make -j16 all 
arm-none-eabi-gcc "../Core/Src/main.c" -mcpu=cortex-m3 -std=gnu11 -DUSE_HAL_DRIVER -DSTM32F103x6 -c -I../Core/Inc -I../Drivers/STM32F1xx_HAL_Driver/Inc/Legacy -I../Drivers/STM32F1xx_HAL_Driver/Inc -I../Drivers/CMSIS/Device/ST/STM32F1xx/Include -I../Drivers/CMSIS/Include -Os -ffunction-sections -fdata-sections -Wall -fstack-usage -fcyclomatic-complexity -MMD -MP -MF"Core/Src/main.d" -MT"Core/Src/main.o" --specs=nano.specs -mfloat-abi=soft -mthumb -o "Core/Src/main.o"
arm-none-eabi-gcc -o "TrafficLightController_SlaveMCU.elf" @"objects.list"   -mcpu=cortex-m3 -T"D:\Projects\TrafficLightController\Software\TrafficLightController_SlaveMCU\STM32F103C6TX_FLASH.ld" --specs=nosys.specs -Wl,-Map="TrafficLightController_SlaveMCU.map" -Wl,--gc-sections -static --specs=nano.specs -mfloat-abi=soft -mthumb -Wl,--start-group -lc -lm -Wl,--end-group
Finished building target: TrafficLightController_SlaveMCU.elf
 
arm-none-eabi-size   TrafficLightController_SlaveMCU.elf 
arm-none-eabi-objdump -h -S  TrafficLightController_SlaveMCU.elf  > "TrafficLightController_SlaveMCU.list"
arm-none-eabi-objcopy  -O ihex  TrafficLightController_SlaveMCU.elf  "TrafficLightController_SlaveMCU.hex"
   text	   data	    bss	    dec	    hex	filename
   7092	     20	   1788	   8900	   22c4	TrafficLightController_SlaveMCU.elf
arm-none-eabi-objcopy  -O binary  TrafficLightController_SlaveMCU.elf  "TrafficLightController_SlaveMCU.bin"
Finished building: default.size.stdout
 
Finished building: TrafficLightController_SlaveMCU.hex
Finished building: TrafficLightController_SlaveMCU.bin
 
 
Finished building: TrafficLightController_SlaveMCU.list
 

10:50:35 Build Finished. 0 errors, 0 warnings. (took 423ms)

